Component: ARM Compiler 5.06 update 6 (build 750) Tool: armlink [4d35ed]

==============================================================================

Section Cross References

    stm32f10x_gpio.o(i.GPIO_AFIODeInit) refers to stm32f10x_rcc.o(i.RCC_APB2PeriphResetCmd) for RCC_APB2PeriphResetCmd
    stm32f10x_gpio.o(i.GPIO_DeInit) refers to stm32f10x_rcc.o(i.RCC_APB2PeriphResetCmd) for RCC_APB2PeriphResetCmd
    stm32f10x_rcc.o(i.RCC_GetClocksFreq) refers to stm32f10x_rcc.o(.data) for APBAHBPrescTable
    stm32f10x_rcc.o(i.RCC_WaitForHSEStartUp) refers to stm32f10x_rcc.o(i.RCC_GetFlagStatus) for RCC_GetFlagStatus
    stm32f10x_usart.o(i.USART_DeInit) refers to stm32f10x_rcc.o(i.RCC_APB2PeriphResetCmd) for RCC_APB2PeriphResetCmd
    stm32f10x_usart.o(i.USART_DeInit) refers to stm32f10x_rcc.o(i.RCC_APB1PeriphResetCmd) for RCC_APB1PeriphResetCmd
    stm32f10x_usart.o(i.USART_Init) refers to stm32f10x_rcc.o(i.RCC_GetClocksFreq) for RCC_GetClocksFreq
    startup_stm32f10x_md.o(RESET) refers to startup_stm32f10x_md.o(STACK) for __initial_sp
    startup_stm32f10x_md.o(RESET) refers to startup_stm32f10x_md.o(.text) for Reset_Handler
    startup_stm32f10x_md.o(RESET) refers to stm32f10x_it.o(i.NMI_Handler) for NMI_Handler
    startup_stm32f10x_md.o(RESET) refers to stm32f10x_it.o(i.HardFault_Handler) for HardFault_Handler
    startup_stm32f10x_md.o(RESET) refers to stm32f10x_it.o(i.MemManage_Handler) for MemManage_Handler
    startup_stm32f10x_md.o(RESET) refers to stm32f10x_it.o(i.BusFault_Handler) for BusFault_Handler
    startup_stm32f10x_md.o(RESET) refers to stm32f10x_it.o(i.UsageFault_Handler) for UsageFault_Handler
    startup_stm32f10x_md.o(RESET) refers to stm32f10x_it.o(i.SVC_Handler) for SVC_Handler
    startup_stm32f10x_md.o(RESET) refers to stm32f10x_it.o(i.DebugMon_Handler) for DebugMon_Handler
    startup_stm32f10x_md.o(RESET) refers to stm32f10x_it.o(i.PendSV_Handler) for PendSV_Handler
    startup_stm32f10x_md.o(RESET) refers to stm32f10x_it.o(i.SysTick_Handler) for SysTick_Handler
    startup_stm32f10x_md.o(RESET) refers to stm32f10x_it.o(i.USART2_IRQHandler) for USART2_IRQHandler
    startup_stm32f10x_md.o(RESET) refers to stm32f10x_it.o(i.USART3_IRQHandler) for USART3_IRQHandler
    startup_stm32f10x_md.o(.text) refers to system_stm32f10x.o(i.SystemInit) for SystemInit
    startup_stm32f10x_md.o(.text) refers to entry.o(.ARM.Collect$$$$00000000) for __main
    stm32f10x_i2c.o(i.I2C_DeInit) refers to stm32f10x_rcc.o(i.RCC_APB1PeriphResetCmd) for RCC_APB1PeriphResetCmd
    stm32f10x_i2c.o(i.I2C_Init) refers to stm32f10x_rcc.o(i.RCC_GetClocksFreq) for RCC_GetClocksFreq
    main.o(i.dev_systick_delay) refers to main.o(.data) for systick_timer_counter
    main.o(i.main) refers to dev_utilities.o(i.dev_uti_blink) for dev_uti_blink
    main.o(i.main) refers to dev_usart.o(i.dev_usart_usart2_init) for dev_usart_usart2_init
    main.o(i.main) refers to dev_keypad.o(i.dev_keypad_init) for dev_keypad_init
    main.o(i.main) refers to dev_lcd_i2c.o(i.dev_lcd_init) for dev_lcd_init
    main.o(i.main) refers to dev_utilities.o(i.dev_uti_show_electric_water) for dev_uti_show_electric_water
    main.o(i.main) refers to dev_keypad.o(i.dev_keypad_get_key) for dev_keypad_get_key
    main.o(i.main) refers to strcpy.o(.text) for strcpy
    main.o(i.main) refers to dev_utilities.o(i.dev_uti_string_clear) for dev_uti_string_clear
    main.o(i.main) refers to dev_lcd_i2c.o(i.dev_lcd_goto_xy) for dev_lcd_goto_xy
    main.o(i.main) refers to dev_utilities.o(i.dev_uti_make_confirmation) for dev_uti_make_confirmation
    main.o(i.main) refers to dev_utilities.o(i.dev_uti_format_send_data) for dev_uti_format_send_data
    main.o(i.main) refers to dev_usart.o(i.dev_usart_send_string) for dev_usart_send_string
    main.o(i.main) refers to dev_lcd_i2c.o(i.dev_lcd_clear) for dev_lcd_clear
    main.o(i.main) refers to dev_lcd_i2c.o(i.dev_lcd_send_string) for dev_lcd_send_string
    main.o(i.main) refers to main.o(i.dev_systick_delay) for dev_systick_delay
    main.o(i.main) refers to dev_lcd_i2c.o(i.dev_lcd_on_backlight) for dev_lcd_on_backlight
    main.o(i.main) refers to dev_lcd_i2c.o(i.dev_lcd_off_backlight) for dev_lcd_off_backlight
    main.o(i.main) refers to dev_lcd_i2c.o(i.dev_lcd_send_char) for dev_lcd_send_char
    main.o(i.main) refers to system_stm32f10x.o(.data) for SystemCoreClock
    main.o(i.main) refers to main.o(.data) for key
    main.o(i.main) refers to main.o(.bss) for temp
    stm32f10x_it.o(i.SysTick_Handler) refers to main.o(.data) for systick_timer_counter
    stm32f10x_it.o(i.USART2_IRQHandler) refers to stm32f10x_usart.o(i.USART_GetITStatus) for USART_GetITStatus
    stm32f10x_it.o(i.USART2_IRQHandler) refers to stm32f10x_usart.o(i.USART_ReceiveData) for USART_ReceiveData
    stm32f10x_it.o(i.USART2_IRQHandler) refers to stm32f10x_it.o(.data) for flagO
    stm32f10x_it.o(i.USART2_IRQHandler) refers to main.o(.data) for stop
    stm32f10x_it.o(i.USART2_IRQHandler) refers to main.o(.bss) for usart_received_string
    stm32f10x_it.o(i.USART3_IRQHandler) refers to stm32f10x_usart.o(i.USART_GetITStatus) for USART_GetITStatus
    stm32f10x_it.o(i.USART3_IRQHandler) refers to stm32f10x_usart.o(i.USART_ReceiveData) for USART_ReceiveData
    stm32f10x_it.o(i.USART3_IRQHandler) refers to main.o(.data) for usart_received_string_i
    stm32f10x_it.o(i.USART3_IRQHandler) refers to main.o(.bss) for usart_received_string
    system_stm32f10x.o(i.SetSysClock) refers to system_stm32f10x.o(i.SetSysClockTo72) for SetSysClockTo72
    system_stm32f10x.o(i.SystemCoreClockUpdate) refers to system_stm32f10x.o(.data) for SystemCoreClock
    system_stm32f10x.o(i.SystemInit) refers to system_stm32f10x.o(i.SetSysClock) for SetSysClock
    dev_keypad.o(i.dev_keypad_get_key) refers to dev_keypad.o(i.dev_keypad_respond) for dev_keypad_respond
    dev_keypad.o(i.dev_keypad_init) refers to stm32f10x_rcc.o(i.RCC_APB2PeriphClockCmd) for RCC_APB2PeriphClockCmd
    dev_keypad.o(i.dev_keypad_init) refers to stm32f10x_gpio.o(i.GPIO_Init) for GPIO_Init
    dev_keypad.o(i.dev_keypad_init) refers to main.o(.data) for GPIO_InitStructure
    dev_keypad.o(i.dev_keypad_respond) refers to stm32f10x_gpio.o(i.GPIO_ResetBits) for GPIO_ResetBits
    dev_keypad.o(i.dev_keypad_respond) refers to stm32f10x_gpio.o(i.GPIO_SetBits) for GPIO_SetBits
    dev_keypad.o(i.dev_keypad_respond) refers to stm32f10x_gpio.o(i.GPIO_ReadInputDataBit) for GPIO_ReadInputDataBit
    dev_keypad.o(i.dev_keypad_respond) refers to main.o(i.dev_systick_delay) for dev_systick_delay
    dev_lcd_i2c.o(i.dev_lcd_clear) refers to dev_lcd_i2c.o(i.dev_lcd_send_cmd) for dev_lcd_send_cmd
    dev_lcd_i2c.o(i.dev_lcd_clear) refers to main.o(i.dev_systick_delay) for dev_systick_delay
    dev_lcd_i2c.o(i.dev_lcd_goto_xy) refers to dev_lcd_i2c.o(i.dev_lcd_send_cmd) for dev_lcd_send_cmd
    dev_lcd_i2c.o(i.dev_lcd_i2c_config) refers to stm32f10x_rcc.o(i.RCC_APB1PeriphClockCmd) for RCC_APB1PeriphClockCmd
    dev_lcd_i2c.o(i.dev_lcd_i2c_config) refers to stm32f10x_rcc.o(i.RCC_APB2PeriphClockCmd) for RCC_APB2PeriphClockCmd
    dev_lcd_i2c.o(i.dev_lcd_i2c_config) refers to stm32f10x_gpio.o(i.GPIO_Init) for GPIO_Init
    dev_lcd_i2c.o(i.dev_lcd_i2c_config) refers to stm32f10x_i2c.o(i.I2C_Init) for I2C_Init
    dev_lcd_i2c.o(i.dev_lcd_i2c_config) refers to stm32f10x_i2c.o(i.I2C_Cmd) for I2C_Cmd
    dev_lcd_i2c.o(i.dev_lcd_i2c_config) refers to main.o(.data) for GPIO_InitStructure
    dev_lcd_i2c.o(i.dev_lcd_i2c_config) refers to dev_lcd_i2c.o(.bss) for I2C_InitStructure
    dev_lcd_i2c.o(i.dev_lcd_init) refers to dev_lcd_i2c.o(i.dev_lcd_i2c_config) for dev_lcd_i2c_config
    dev_lcd_i2c.o(i.dev_lcd_init) refers to main.o(i.dev_systick_delay) for dev_systick_delay
    dev_lcd_i2c.o(i.dev_lcd_init) refers to dev_lcd_i2c.o(i.dev_lcd_send_cmd) for dev_lcd_send_cmd
    dev_lcd_i2c.o(i.dev_lcd_init) refers to dev_lcd_i2c.o(i.dev_lcd_clear) for dev_lcd_clear
    dev_lcd_i2c.o(i.dev_lcd_off_backlight) refers to dev_lcd_i2c.o(i.dev_lcd_clear) for dev_lcd_clear
    dev_lcd_i2c.o(i.dev_lcd_off_backlight) refers to dev_lcd_i2c.o(i.dev_lcd_send_byte) for dev_lcd_send_byte
    dev_lcd_i2c.o(i.dev_lcd_on_backlight) refers to dev_lcd_i2c.o(i.dev_lcd_clear) for dev_lcd_clear
    dev_lcd_i2c.o(i.dev_lcd_on_backlight) refers to dev_lcd_i2c.o(i.dev_lcd_send_byte) for dev_lcd_send_byte
    dev_lcd_i2c.o(i.dev_lcd_send_byte) refers to stm32f10x_i2c.o(i.I2C_GenerateSTART) for I2C_GenerateSTART
    dev_lcd_i2c.o(i.dev_lcd_send_byte) refers to stm32f10x_i2c.o(i.I2C_CheckEvent) for I2C_CheckEvent
    dev_lcd_i2c.o(i.dev_lcd_send_byte) refers to stm32f10x_i2c.o(i.I2C_Send7bitAddress) for I2C_Send7bitAddress
    dev_lcd_i2c.o(i.dev_lcd_send_byte) refers to stm32f10x_i2c.o(i.I2C_SendData) for I2C_SendData
    dev_lcd_i2c.o(i.dev_lcd_send_byte) refers to stm32f10x_i2c.o(i.I2C_GenerateSTOP) for I2C_GenerateSTOP
    dev_lcd_i2c.o(i.dev_lcd_send_char) refers to dev_lcd_i2c.o(i.dev_lcd_send_data) for dev_lcd_send_data
    dev_lcd_i2c.o(i.dev_lcd_send_cmd) refers to dev_lcd_i2c.o(i.dev_lcd_send_byte) for dev_lcd_send_byte
    dev_lcd_i2c.o(i.dev_lcd_send_data) refers to dev_lcd_i2c.o(i.dev_lcd_send_byte) for dev_lcd_send_byte
    dev_lcd_i2c.o(i.dev_lcd_send_string) refers to dev_lcd_i2c.o(i.dev_lcd_send_data) for dev_lcd_send_data
    dev_usart.o(i.dev_usart_clear_buf) refers to main.o(.data) for usart_received_string_i
    dev_usart.o(i.dev_usart_send_char) refers to stm32f10x_usart.o(i.USART_GetFlagStatus) for USART_GetFlagStatus
    dev_usart.o(i.dev_usart_send_char) refers to stm32f10x_usart.o(i.USART_SendData) for USART_SendData
    dev_usart.o(i.dev_usart_send_string) refers to dev_usart.o(i.dev_usart_send_char) for dev_usart_send_char
    dev_usart.o(i.dev_usart_usart2_init) refers to stm32f10x_rcc.o(i.RCC_APB2PeriphClockCmd) for RCC_APB2PeriphClockCmd
    dev_usart.o(i.dev_usart_usart2_init) refers to stm32f10x_rcc.o(i.RCC_APB1PeriphClockCmd) for RCC_APB1PeriphClockCmd
    dev_usart.o(i.dev_usart_usart2_init) refers to stm32f10x_gpio.o(i.GPIO_Init) for GPIO_Init
    dev_usart.o(i.dev_usart_usart2_init) refers to stm32f10x_usart.o(i.USART_Init) for USART_Init
    dev_usart.o(i.dev_usart_usart2_init) refers to misc.o(i.NVIC_Init) for NVIC_Init
    dev_usart.o(i.dev_usart_usart2_init) refers to stm32f10x_usart.o(i.USART_ClearFlag) for USART_ClearFlag
    dev_usart.o(i.dev_usart_usart2_init) refers to stm32f10x_usart.o(i.USART_ITConfig) for USART_ITConfig
    dev_usart.o(i.dev_usart_usart2_init) refers to stm32f10x_usart.o(i.USART_Cmd) for USART_Cmd
    dev_usart.o(i.dev_usart_usart2_init) refers to main.o(.data) for GPIO_InitStructure
    dev_usart.o(i.dev_usart_usart2_init) refers to dev_usart.o(.bss) for USART_InitStructure
    dev_usart.o(i.dev_usart_usart2_init) refers to dev_usart.o(.data) for NVIC_InitStructure
    dev_usart.o(i.dev_usart_usart3_init) refers to stm32f10x_rcc.o(i.RCC_APB2PeriphClockCmd) for RCC_APB2PeriphClockCmd
    dev_usart.o(i.dev_usart_usart3_init) refers to stm32f10x_rcc.o(i.RCC_APB1PeriphClockCmd) for RCC_APB1PeriphClockCmd
    dev_usart.o(i.dev_usart_usart3_init) refers to stm32f10x_gpio.o(i.GPIO_Init) for GPIO_Init
    dev_usart.o(i.dev_usart_usart3_init) refers to stm32f10x_usart.o(i.USART_Init) for USART_Init
    dev_usart.o(i.dev_usart_usart3_init) refers to misc.o(i.NVIC_Init) for NVIC_Init
    dev_usart.o(i.dev_usart_usart3_init) refers to stm32f10x_usart.o(i.USART_ClearFlag) for USART_ClearFlag
    dev_usart.o(i.dev_usart_usart3_init) refers to stm32f10x_usart.o(i.USART_ITConfig) for USART_ITConfig
    dev_usart.o(i.dev_usart_usart3_init) refers to stm32f10x_usart.o(i.USART_Cmd) for USART_Cmd
    dev_usart.o(i.dev_usart_usart3_init) refers to main.o(.data) for GPIO_InitStructure
    dev_usart.o(i.dev_usart_usart3_init) refers to dev_usart.o(.bss) for USART_InitStructure
    dev_usart.o(i.dev_usart_usart3_init) refers to dev_usart.o(.data) for NVIC_InitStructure
    dev_utilities.o(i.dev_uti_blink) refers to stm32f10x_rcc.o(i.RCC_APB2PeriphClockCmd) for RCC_APB2PeriphClockCmd
    dev_utilities.o(i.dev_uti_blink) refers to stm32f10x_gpio.o(i.GPIO_Init) for GPIO_Init
    dev_utilities.o(i.dev_uti_blink) refers to stm32f10x_gpio.o(i.GPIO_ResetBits) for GPIO_ResetBits
    dev_utilities.o(i.dev_uti_blink) refers to main.o(i.dev_systick_delay) for dev_systick_delay
    dev_utilities.o(i.dev_uti_blink) refers to stm32f10x_gpio.o(i.GPIO_SetBits) for GPIO_SetBits
    dev_utilities.o(i.dev_uti_format_send_data) refers to dev_utilities.o(i.dev_uti_string_clear) for dev_uti_string_clear
    dev_utilities.o(i.dev_uti_format_send_data) refers to strcat.o(.text) for strcat
    dev_utilities.o(i.dev_uti_make_confirmation) refers to dev_lcd_i2c.o(i.dev_lcd_clear) for dev_lcd_clear
    dev_utilities.o(i.dev_uti_make_confirmation) refers to dev_lcd_i2c.o(i.dev_lcd_goto_xy) for dev_lcd_goto_xy
    dev_utilities.o(i.dev_uti_make_confirmation) refers to dev_lcd_i2c.o(i.dev_lcd_send_string) for dev_lcd_send_string
    dev_utilities.o(i.dev_uti_show_electric_water) refers to dev_lcd_i2c.o(i.dev_lcd_clear) for dev_lcd_clear
    dev_utilities.o(i.dev_uti_show_electric_water) refers to dev_lcd_i2c.o(i.dev_lcd_goto_xy) for dev_lcd_goto_xy
    dev_utilities.o(i.dev_uti_show_electric_water) refers to dev_lcd_i2c.o(i.dev_lcd_send_string) for dev_lcd_send_string
    entry.o(.ARM.Collect$$$$00000000) refers (Special) to entry10a.o(.ARM.Collect$$$$0000000D) for __rt_final_cpp
    entry.o(.ARM.Collect$$$$00000000) refers (Special) to entry11a.o(.ARM.Collect$$$$0000000F) for __rt_final_exit
    entry.o(.ARM.Collect$$$$00000000) refers (Special) to entry7b.o(.ARM.Collect$$$$00000008) for _main_clock
    entry.o(.ARM.Collect$$$$00000000) refers (Special) to entry8b.o(.ARM.Collect$$$$0000000A) for _main_cpp_init
    entry.o(.ARM.Collect$$$$00000000) refers (Special) to entry9a.o(.ARM.Collect$$$$0000000B) for _main_init
    entry.o(.ARM.Collect$$$$00000000) refers (Special) to entry5.o(.ARM.Collect$$$$00000004) for _main_scatterload
    entry.o(.ARM.Collect$$$$00000000) refers (Special) to entry2.o(.ARM.Collect$$$$00000001) for _main_stk
    entry2.o(.ARM.Collect$$$$00000001) refers to entry2.o(.ARM.Collect$$$$00002712) for __lit__00000000
    entry2.o(.ARM.Collect$$$$00002712) refers to startup_stm32f10x_md.o(STACK) for __initial_sp
    entry2.o(__vectab_stack_and_reset_area) refers to startup_stm32f10x_md.o(STACK) for __initial_sp
    entry2.o(__vectab_stack_and_reset_area) refers to entry.o(.ARM.Collect$$$$00000000) for __main
    entry5.o(.ARM.Collect$$$$00000004) refers to init.o(.text) for __scatterload
    entry9a.o(.ARM.Collect$$$$0000000B) refers to main.o(i.main) for main
    entry9b.o(.ARM.Collect$$$$0000000C) refers to main.o(i.main) for main
    init.o(.text) refers to entry5.o(.ARM.Collect$$$$00000004) for __main_after_scatterload


==============================================================================

Removing Unused input sections from the image.

    Removing misc.o(i.NVIC_PriorityGroupConfig), (20 bytes).
    Removing misc.o(i.NVIC_SetVectorTable), (20 bytes).
    Removing misc.o(i.NVIC_SystemLPConfig), (32 bytes).
    Removing misc.o(i.SysTick_CLKSourceConfig), (40 bytes).
    Removing stm32f10x_gpio.o(i.GPIO_AFIODeInit), (20 bytes).
    Removing stm32f10x_gpio.o(i.GPIO_DeInit), (200 bytes).
    Removing stm32f10x_gpio.o(i.GPIO_ETH_MediaInterfaceConfig), (12 bytes).
    Removing stm32f10x_gpio.o(i.GPIO_EXTILineConfig), (64 bytes).
    Removing stm32f10x_gpio.o(i.GPIO_EventOutputCmd), (12 bytes).
    Removing stm32f10x_gpio.o(i.GPIO_EventOutputConfig), (32 bytes).
    Removing stm32f10x_gpio.o(i.GPIO_PinLockConfig), (18 bytes).
    Removing stm32f10x_gpio.o(i.GPIO_PinRemapConfig), (144 bytes).
    Removing stm32f10x_gpio.o(i.GPIO_ReadInputData), (8 bytes).
    Removing stm32f10x_gpio.o(i.GPIO_ReadOutputData), (8 bytes).
    Removing stm32f10x_gpio.o(i.GPIO_ReadOutputDataBit), (18 bytes).
    Removing stm32f10x_gpio.o(i.GPIO_StructInit), (16 bytes).
    Removing stm32f10x_gpio.o(i.GPIO_Write), (4 bytes).
    Removing stm32f10x_gpio.o(i.GPIO_WriteBit), (10 bytes).
    Removing stm32f10x_rcc.o(i.RCC_ADCCLKConfig), (24 bytes).
    Removing stm32f10x_rcc.o(i.RCC_AHBPeriphClockCmd), (32 bytes).
    Removing stm32f10x_rcc.o(i.RCC_APB1PeriphResetCmd), (32 bytes).
    Removing stm32f10x_rcc.o(i.RCC_APB2PeriphResetCmd), (32 bytes).
    Removing stm32f10x_rcc.o(i.RCC_AdjustHSICalibrationValue), (24 bytes).
    Removing stm32f10x_rcc.o(i.RCC_BackupResetCmd), (12 bytes).
    Removing stm32f10x_rcc.o(i.RCC_ClearFlag), (20 bytes).
    Removing stm32f10x_rcc.o(i.RCC_ClearITPendingBit), (12 bytes).
    Removing stm32f10x_rcc.o(i.RCC_ClockSecuritySystemCmd), (12 bytes).
    Removing stm32f10x_rcc.o(i.RCC_DeInit), (76 bytes).
    Removing stm32f10x_rcc.o(i.RCC_GetFlagStatus), (60 bytes).
    Removing stm32f10x_rcc.o(i.RCC_GetITStatus), (24 bytes).
    Removing stm32f10x_rcc.o(i.RCC_GetSYSCLKSource), (16 bytes).
    Removing stm32f10x_rcc.o(i.RCC_HCLKConfig), (24 bytes).
    Removing stm32f10x_rcc.o(i.RCC_HSEConfig), (76 bytes).
    Removing stm32f10x_rcc.o(i.RCC_HSICmd), (12 bytes).
    Removing stm32f10x_rcc.o(i.RCC_ITConfig), (32 bytes).
    Removing stm32f10x_rcc.o(i.RCC_LSEConfig), (52 bytes).
    Removing stm32f10x_rcc.o(i.RCC_LSICmd), (12 bytes).
    Removing stm32f10x_rcc.o(i.RCC_MCOConfig), (12 bytes).
    Removing stm32f10x_rcc.o(i.RCC_PCLK1Config), (24 bytes).
    Removing stm32f10x_rcc.o(i.RCC_PCLK2Config), (24 bytes).
    Removing stm32f10x_rcc.o(i.RCC_PLLCmd), (12 bytes).
    Removing stm32f10x_rcc.o(i.RCC_PLLConfig), (28 bytes).
    Removing stm32f10x_rcc.o(i.RCC_RTCCLKCmd), (12 bytes).
    Removing stm32f10x_rcc.o(i.RCC_RTCCLKConfig), (16 bytes).
    Removing stm32f10x_rcc.o(i.RCC_SYSCLKConfig), (24 bytes).
    Removing stm32f10x_rcc.o(i.RCC_USBCLKConfig), (12 bytes).
    Removing stm32f10x_rcc.o(i.RCC_WaitForHSEStartUp), (56 bytes).
    Removing stm32f10x_usart.o(i.USART_ClearITPendingBit), (30 bytes).
    Removing stm32f10x_usart.o(i.USART_ClockInit), (34 bytes).
    Removing stm32f10x_usart.o(i.USART_ClockStructInit), (12 bytes).
    Removing stm32f10x_usart.o(i.USART_DMACmd), (18 bytes).
    Removing stm32f10x_usart.o(i.USART_DeInit), (156 bytes).
    Removing stm32f10x_usart.o(i.USART_HalfDuplexCmd), (24 bytes).
    Removing stm32f10x_usart.o(i.USART_IrDACmd), (24 bytes).
    Removing stm32f10x_usart.o(i.USART_IrDAConfig), (18 bytes).
    Removing stm32f10x_usart.o(i.USART_LINBreakDetectLengthConfig), (18 bytes).
    Removing stm32f10x_usart.o(i.USART_LINCmd), (24 bytes).
    Removing stm32f10x_usart.o(i.USART_OneBitMethodCmd), (24 bytes).
    Removing stm32f10x_usart.o(i.USART_OverSampling8Cmd), (22 bytes).
    Removing stm32f10x_usart.o(i.USART_ReceiverWakeUpCmd), (24 bytes).
    Removing stm32f10x_usart.o(i.USART_SendBreak), (10 bytes).
    Removing stm32f10x_usart.o(i.USART_SetAddress), (18 bytes).
    Removing stm32f10x_usart.o(i.USART_SetGuardTime), (16 bytes).
    Removing stm32f10x_usart.o(i.USART_SetPrescaler), (16 bytes).
    Removing stm32f10x_usart.o(i.USART_SmartCardCmd), (24 bytes).
    Removing stm32f10x_usart.o(i.USART_SmartCardNACKCmd), (24 bytes).
    Removing stm32f10x_usart.o(i.USART_StructInit), (24 bytes).
    Removing stm32f10x_usart.o(i.USART_WakeUpConfig), (18 bytes).
    Removing core_cm3.o(.emb_text), (32 bytes).
    Removing startup_stm32f10x_md.o(HEAP), (512 bytes).
    Removing stm32f10x_i2c.o(i.I2C_ARPCmd), (24 bytes).
    Removing stm32f10x_i2c.o(i.I2C_AcknowledgeConfig), (24 bytes).
    Removing stm32f10x_i2c.o(i.I2C_CalculatePEC), (24 bytes).
    Removing stm32f10x_i2c.o(i.I2C_ClearFlag), (12 bytes).
    Removing stm32f10x_i2c.o(i.I2C_ClearITPendingBit), (12 bytes).
    Removing stm32f10x_i2c.o(i.I2C_DMACmd), (24 bytes).
    Removing stm32f10x_i2c.o(i.I2C_DMALastTransferCmd), (24 bytes).
    Removing stm32f10x_i2c.o(i.I2C_DeInit), (56 bytes).
    Removing stm32f10x_i2c.o(i.I2C_DualAddressCmd), (24 bytes).
    Removing stm32f10x_i2c.o(i.I2C_FastModeDutyCycleConfig), (28 bytes).
    Removing stm32f10x_i2c.o(i.I2C_GeneralCallCmd), (24 bytes).
    Removing stm32f10x_i2c.o(i.I2C_GetFlagStatus), (58 bytes).
    Removing stm32f10x_i2c.o(i.I2C_GetITStatus), (38 bytes).
    Removing stm32f10x_i2c.o(i.I2C_GetLastEvent), (26 bytes).
    Removing stm32f10x_i2c.o(i.I2C_GetPEC), (8 bytes).
    Removing stm32f10x_i2c.o(i.I2C_ITConfig), (18 bytes).
    Removing stm32f10x_i2c.o(i.I2C_NACKPositionConfig), (28 bytes).
    Removing stm32f10x_i2c.o(i.I2C_OwnAddress2Config), (22 bytes).
    Removing stm32f10x_i2c.o(i.I2C_PECPositionConfig), (28 bytes).
    Removing stm32f10x_i2c.o(i.I2C_ReadRegister), (22 bytes).
    Removing stm32f10x_i2c.o(i.I2C_ReceiveData), (8 bytes).
    Removing stm32f10x_i2c.o(i.I2C_SMBusAlertConfig), (28 bytes).
    Removing stm32f10x_i2c.o(i.I2C_SoftwareResetCmd), (22 bytes).
    Removing stm32f10x_i2c.o(i.I2C_StretchClockCmd), (24 bytes).
    Removing stm32f10x_i2c.o(i.I2C_StructInit), (30 bytes).
    Removing stm32f10x_i2c.o(i.I2C_TransmitPEC), (24 bytes).
    Removing system_stm32f10x.o(i.SystemCoreClockUpdate), (164 bytes).
    Removing dev_usart.o(i.dev_usart_clear_buf), (24 bytes).
    Removing dev_usart.o(i.dev_usart_usart3_init), (160 bytes).

99 unused section(s) (total 3612 bytes) removed from the image.

==============================================================================

Image Symbol Table

    Local Symbols

    Symbol Name                              Value     Ov Type        Size  Object(Section)

    ../clib/microlib/init/entry.s            0x00000000   Number         0  entry2.o ABSOLUTE
    ../clib/microlib/init/entry.s            0x00000000   Number         0  entry9a.o ABSOLUTE
    ../clib/microlib/init/entry.s            0x00000000   Number         0  entry.o ABSOLUTE
    ../clib/microlib/init/entry.s            0x00000000   Number         0  entry5.o ABSOLUTE
    ../clib/microlib/init/entry.s            0x00000000   Number         0  entry7a.o ABSOLUTE
    ../clib/microlib/init/entry.s            0x00000000   Number         0  entry7b.o ABSOLUTE
    ../clib/microlib/init/entry.s            0x00000000   Number         0  entry8a.o ABSOLUTE
    ../clib/microlib/init/entry.s            0x00000000   Number         0  entry8b.o ABSOLUTE
    ../clib/microlib/init/entry.s            0x00000000   Number         0  entry9b.o ABSOLUTE
    ../clib/microlib/init/entry.s            0x00000000   Number         0  entry11b.o ABSOLUTE
    ../clib/microlib/init/entry.s            0x00000000   Number         0  entry10a.o ABSOLUTE
    ../clib/microlib/init/entry.s            0x00000000   Number         0  entry11a.o ABSOLUTE
    ../clib/microlib/init/entry.s            0x00000000   Number         0  entry10b.o ABSOLUTE
    ../clib/microlib/string/strcat.c         0x00000000   Number         0  strcat.o ABSOLUTE
    ../clib/microlib/string/strcpy.c         0x00000000   Number         0  strcpy.o ABSOLUTE
    ..\..\lib\CMSIS\CM3\CoreSupport\core_cm3.c 0x00000000   Number         0  core_cm3.o ABSOLUTE
    ..\..\lib\CMSIS\CM3\DeviceSupport\ST\STM32F10x\startup\arm\startup_stm32f10x_md.s 0x00000000   Number         0  startup_stm32f10x_md.o ABSOLUTE
    ..\..\lib\STM32F10x_StdPeriph_Driver\src\misc.c 0x00000000   Number         0  misc.o ABSOLUTE
    ..\..\lib\STM32F10x_StdPeriph_Driver\src\stm32f10x_gpio.c 0x00000000   Number         0  stm32f10x_gpio.o ABSOLUTE
    ..\..\lib\STM32F10x_StdPeriph_Driver\src\stm32f10x_i2c.c 0x00000000   Number         0  stm32f10x_i2c.o ABSOLUTE
    ..\..\lib\STM32F10x_StdPeriph_Driver\src\stm32f10x_rcc.c 0x00000000   Number         0  stm32f10x_rcc.o ABSOLUTE
    ..\..\lib\STM32F10x_StdPeriph_Driver\src\stm32f10x_usart.c 0x00000000   Number         0  stm32f10x_usart.o ABSOLUTE
    ..\\..\\lib\\CMSIS\\CM3\\CoreSupport\\core_cm3.c 0x00000000   Number         0  core_cm3.o ABSOLUTE
    ..\dev\src\dev_keypad.c                  0x00000000   Number         0  dev_keypad.o ABSOLUTE
    ..\dev\src\dev_lcd_i2c.c                 0x00000000   Number         0  dev_lcd_i2c.o ABSOLUTE
    ..\dev\src\dev_usart.c                   0x00000000   Number         0  dev_usart.o ABSOLUTE
    ..\dev\src\dev_utilities.c               0x00000000   Number         0  dev_utilities.o ABSOLUTE
    ..\main.c                                0x00000000   Number         0  main.o ABSOLUTE
    ..\stm32f10x_it.c                        0x00000000   Number         0  stm32f10x_it.o ABSOLUTE
    ..\system_stm32f10x.c                    0x00000000   Number         0  system_stm32f10x.o ABSOLUTE
    dc.s                                     0x00000000   Number         0  dc.o ABSOLUTE
    handlers.s                               0x00000000   Number         0  handlers.o ABSOLUTE
    init.s                                   0x00000000   Number         0  init.o ABSOLUTE
    RESET                                    0x08000000   Section      236  startup_stm32f10x_md.o(RESET)
    .ARM.Collect$$$$00000000                 0x080000ec   Section        0  entry.o(.ARM.Collect$$$$00000000)
    .ARM.Collect$$$$00000001                 0x080000ec   Section        4  entry2.o(.ARM.Collect$$$$00000001)
    .ARM.Collect$$$$00000004                 0x080000f0   Section        4  entry5.o(.ARM.Collect$$$$00000004)
    .ARM.Collect$$$$00000008                 0x080000f4   Section        0  entry7b.o(.ARM.Collect$$$$00000008)
    .ARM.Collect$$$$0000000A                 0x080000f4   Section        0  entry8b.o(.ARM.Collect$$$$0000000A)
    .ARM.Collect$$$$0000000B                 0x080000f4   Section        8  entry9a.o(.ARM.Collect$$$$0000000B)
    .ARM.Collect$$$$0000000D                 0x080000fc   Section        0  entry10a.o(.ARM.Collect$$$$0000000D)
    .ARM.Collect$$$$0000000F                 0x080000fc   Section        0  entry11a.o(.ARM.Collect$$$$0000000F)
    .ARM.Collect$$$$00002712                 0x080000fc   Section        4  entry2.o(.ARM.Collect$$$$00002712)
    __lit__00000000                          0x080000fc   Data           4  entry2.o(.ARM.Collect$$$$00002712)
    .text                                    0x08000100   Section       36  startup_stm32f10x_md.o(.text)
    .text                                    0x08000124   Section        0  strcat.o(.text)
    .text                                    0x0800013c   Section        0  strcpy.o(.text)
    .text                                    0x08000150   Section       36  init.o(.text)
    i.BusFault_Handler                       0x08000174   Section        0  stm32f10x_it.o(i.BusFault_Handler)
    i.DebugMon_Handler                       0x08000178   Section        0  stm32f10x_it.o(i.DebugMon_Handler)
    i.GPIO_Init                              0x0800017a   Section        0  stm32f10x_gpio.o(i.GPIO_Init)
    i.GPIO_ReadInputDataBit                  0x08000290   Section        0  stm32f10x_gpio.o(i.GPIO_ReadInputDataBit)
    i.GPIO_ResetBits                         0x080002a2   Section        0  stm32f10x_gpio.o(i.GPIO_ResetBits)
    i.GPIO_SetBits                           0x080002a6   Section        0  stm32f10x_gpio.o(i.GPIO_SetBits)
    i.HardFault_Handler                      0x080002aa   Section        0  stm32f10x_it.o(i.HardFault_Handler)
    i.I2C_CheckEvent                         0x080002ae   Section        0  stm32f10x_i2c.o(i.I2C_CheckEvent)
    i.I2C_Cmd                                0x080002d8   Section        0  stm32f10x_i2c.o(i.I2C_Cmd)
    i.I2C_GenerateSTART                      0x080002f0   Section        0  stm32f10x_i2c.o(i.I2C_GenerateSTART)
    i.I2C_GenerateSTOP                       0x08000308   Section        0  stm32f10x_i2c.o(i.I2C_GenerateSTOP)
    i.I2C_Init                               0x08000320   Section        0  stm32f10x_i2c.o(i.I2C_Init)
    i.I2C_Send7bitAddress                    0x0800040c   Section        0  stm32f10x_i2c.o(i.I2C_Send7bitAddress)
    i.I2C_SendData                           0x0800041e   Section        0  stm32f10x_i2c.o(i.I2C_SendData)
    i.MemManage_Handler                      0x08000422   Section        0  stm32f10x_it.o(i.MemManage_Handler)
    i.NMI_Handler                            0x08000426   Section        0  stm32f10x_it.o(i.NMI_Handler)
    i.NVIC_Init                              0x08000428   Section        0  misc.o(i.NVIC_Init)
    i.PendSV_Handler                         0x08000498   Section        0  stm32f10x_it.o(i.PendSV_Handler)
    i.RCC_APB1PeriphClockCmd                 0x0800049c   Section        0  stm32f10x_rcc.o(i.RCC_APB1PeriphClockCmd)
    i.RCC_APB2PeriphClockCmd                 0x080004bc   Section        0  stm32f10x_rcc.o(i.RCC_APB2PeriphClockCmd)
    i.RCC_GetClocksFreq                      0x080004dc   Section        0  stm32f10x_rcc.o(i.RCC_GetClocksFreq)
    i.SVC_Handler                            0x080005b0   Section        0  stm32f10x_it.o(i.SVC_Handler)
    i.SetSysClock                            0x080005b2   Section        0  system_stm32f10x.o(i.SetSysClock)
    SetSysClock                              0x080005b3   Thumb Code     8  system_stm32f10x.o(i.SetSysClock)
    i.SetSysClockTo72                        0x080005bc   Section        0  system_stm32f10x.o(i.SetSysClockTo72)
    SetSysClockTo72                          0x080005bd   Thumb Code   214  system_stm32f10x.o(i.SetSysClockTo72)
    i.SysTick_Handler                        0x0800069c   Section        0  stm32f10x_it.o(i.SysTick_Handler)
    i.SystemInit                             0x080006ac   Section        0  system_stm32f10x.o(i.SystemInit)
    i.USART2_IRQHandler                      0x0800070c   Section        0  stm32f10x_it.o(i.USART2_IRQHandler)
    i.USART3_IRQHandler                      0x080007fc   Section        0  stm32f10x_it.o(i.USART3_IRQHandler)
    i.USART_ClearFlag                        0x08000844   Section        0  stm32f10x_usart.o(i.USART_ClearFlag)
    i.USART_Cmd                              0x08000856   Section        0  stm32f10x_usart.o(i.USART_Cmd)
    i.USART_GetFlagStatus                    0x0800086e   Section        0  stm32f10x_usart.o(i.USART_GetFlagStatus)
    i.USART_GetITStatus                      0x08000888   Section        0  stm32f10x_usart.o(i.USART_GetITStatus)
    i.USART_ITConfig                         0x080008dc   Section        0  stm32f10x_usart.o(i.USART_ITConfig)
    i.USART_Init                             0x08000928   Section        0  stm32f10x_usart.o(i.USART_Init)
    i.USART_ReceiveData                      0x08000a00   Section        0  stm32f10x_usart.o(i.USART_ReceiveData)
    i.USART_SendData                         0x08000a0a   Section        0  stm32f10x_usart.o(i.USART_SendData)
    i.UsageFault_Handler                     0x08000a12   Section        0  stm32f10x_it.o(i.UsageFault_Handler)
    i.__scatterload_copy                     0x08000a16   Section       14  handlers.o(i.__scatterload_copy)
    i.__scatterload_null                     0x08000a24   Section        2  handlers.o(i.__scatterload_null)
    i.__scatterload_zeroinit                 0x08000a26   Section       14  handlers.o(i.__scatterload_zeroinit)
    i.dev_keypad_get_key                     0x08000a34   Section        0  dev_keypad.o(i.dev_keypad_get_key)
    i.dev_keypad_init                        0x08000a48   Section        0  dev_keypad.o(i.dev_keypad_init)
    i.dev_keypad_respond                     0x08000a94   Section        0  dev_keypad.o(i.dev_keypad_respond)
    i.dev_lcd_clear                          0x08000d50   Section        0  dev_lcd_i2c.o(i.dev_lcd_clear)
    i.dev_lcd_goto_xy                        0x08000d60   Section        0  dev_lcd_i2c.o(i.dev_lcd_goto_xy)
    i.dev_lcd_i2c_config                     0x08000d84   Section        0  dev_lcd_i2c.o(i.dev_lcd_i2c_config)
    i.dev_lcd_init                           0x08000dec   Section        0  dev_lcd_i2c.o(i.dev_lcd_init)
    i.dev_lcd_off_backlight                  0x08000e46   Section        0  dev_lcd_i2c.o(i.dev_lcd_off_backlight)
    i.dev_lcd_on_backlight                   0x08000e86   Section        0  dev_lcd_i2c.o(i.dev_lcd_on_backlight)
    i.dev_lcd_send_byte                      0x08000ed0   Section        0  dev_lcd_i2c.o(i.dev_lcd_send_byte)
    i.dev_lcd_send_char                      0x08000f30   Section        0  dev_lcd_i2c.o(i.dev_lcd_send_char)
    i.dev_lcd_send_cmd                       0x08000f3c   Section        0  dev_lcd_i2c.o(i.dev_lcd_send_cmd)
    i.dev_lcd_send_data                      0x08000f82   Section        0  dev_lcd_i2c.o(i.dev_lcd_send_data)
    i.dev_lcd_send_string                    0x08000fc8   Section        0  dev_lcd_i2c.o(i.dev_lcd_send_string)
    i.dev_systick_delay                      0x08000fe0   Section        0  main.o(i.dev_systick_delay)
    i.dev_usart_send_char                    0x08000ff4   Section        0  dev_usart.o(i.dev_usart_send_char)
    i.dev_usart_send_string                  0x08001012   Section        0  dev_usart.o(i.dev_usart_send_string)
    i.dev_usart_usart2_init                  0x0800102c   Section        0  dev_usart.o(i.dev_usart_usart2_init)
    i.dev_uti_blink                          0x080010c8   Section        0  dev_utilities.o(i.dev_uti_blink)
    i.dev_uti_format_send_data               0x08001134   Section        0  dev_utilities.o(i.dev_uti_format_send_data)
    i.dev_uti_make_confirmation              0x08001168   Section        0  dev_utilities.o(i.dev_uti_make_confirmation)
    i.dev_uti_show_electric_water            0x080011ac   Section        0  dev_utilities.o(i.dev_uti_show_electric_water)
    i.dev_uti_string_clear                   0x080011ec   Section        0  dev_utilities.o(i.dev_uti_string_clear)
    i.main                                   0x08001200   Section        0  main.o(i.main)
    .data                                    0x20000000   Section       20  stm32f10x_rcc.o(.data)
    APBAHBPrescTable                         0x20000000   Data          16  stm32f10x_rcc.o(.data)
    ADCPrescTable                            0x20000010   Data           4  stm32f10x_rcc.o(.data)
    .data                                    0x20000014   Section       14  main.o(.data)
    .data                                    0x20000022   Section        3  stm32f10x_it.o(.data)
    .data                                    0x20000028   Section       20  system_stm32f10x.o(.data)
    .data                                    0x2000003c   Section        4  dev_usart.o(.data)
    .bss                                     0x20000040   Section      400  main.o(.bss)
    .bss                                     0x200001d0   Section       16  dev_lcd_i2c.o(.bss)
    .bss                                     0x200001e0   Section       16  dev_usart.o(.bss)
    STACK                                    0x200001f0   Section     1024  startup_stm32f10x_md.o(STACK)

    Global Symbols

    Symbol Name                              Value     Ov Type        Size  Object(Section)

    BuildAttributes$$THM_ISAv4$P$D$K$B$S$PE$A:L22UL41UL21$X:L11$S22US41US21$IEEE1$IW$USESV6$~STKCKD$USESV7$~SHL$OSPACE$EBA8$MICROLIB$REQ8$PRES8$EABIv2 0x00000000   Number         0  anon$$obj.o ABSOLUTE
    __ARM_use_no_argv                        0x00000000   Number         0  main.o ABSOLUTE
    __cpp_initialize__aeabi_                  - Undefined Weak Reference
    __cxa_finalize                            - Undefined Weak Reference
    __decompress                              - Undefined Weak Reference
    _clock_init                               - Undefined Weak Reference
    _microlib_exit                            - Undefined Weak Reference
    __Vectors_Size                           0x000000ec   Number         0  startup_stm32f10x_md.o ABSOLUTE
    __Vectors                                0x08000000   Data           4  startup_stm32f10x_md.o(RESET)
    __Vectors_End                            0x080000ec   Data           0  startup_stm32f10x_md.o(RESET)
    __main                                   0x080000ed   Thumb Code     0  entry.o(.ARM.Collect$$$$00000000)
    _main_stk                                0x080000ed   Thumb Code     0  entry2.o(.ARM.Collect$$$$00000001)
    _main_scatterload                        0x080000f1   Thumb Code     0  entry5.o(.ARM.Collect$$$$00000004)
    __main_after_scatterload                 0x080000f5   Thumb Code     0  entry5.o(.ARM.Collect$$$$00000004)
    _main_clock                              0x080000f5   Thumb Code     0  entry7b.o(.ARM.Collect$$$$00000008)
    _main_cpp_init                           0x080000f5   Thumb Code     0  entry8b.o(.ARM.Collect$$$$0000000A)
    _main_init                               0x080000f5   Thumb Code     0  entry9a.o(.ARM.Collect$$$$0000000B)
    __rt_final_cpp                           0x080000fd   Thumb Code     0  entry10a.o(.ARM.Collect$$$$0000000D)
    __rt_final_exit                          0x080000fd   Thumb Code     0  entry11a.o(.ARM.Collect$$$$0000000F)
    Reset_Handler                            0x08000101   Thumb Code     8  startup_stm32f10x_md.o(.text)
    ADC1_2_IRQHandler                        0x0800011b   Thumb Code     0  startup_stm32f10x_md.o(.text)
    CAN1_RX1_IRQHandler                      0x0800011b   Thumb Code     0  startup_stm32f10x_md.o(.text)
    CAN1_SCE_IRQHandler                      0x0800011b   Thumb Code     0  startup_stm32f10x_md.o(.text)
    DMA1_Channel1_IRQHandler                 0x0800011b   Thumb Code     0  startup_stm32f10x_md.o(.text)
    DMA1_Channel2_IRQHandler                 0x0800011b   Thumb Code     0  startup_stm32f10x_md.o(.text)
    DMA1_Channel3_IRQHandler                 0x0800011b   Thumb Code     0  startup_stm32f10x_md.o(.text)
    DMA1_Channel4_IRQHandler                 0x0800011b   Thumb Code     0  startup_stm32f10x_md.o(.text)
    DMA1_Channel5_IRQHandler                 0x0800011b   Thumb Code     0  startup_stm32f10x_md.o(.text)
    DMA1_Channel6_IRQHandler                 0x0800011b   Thumb Code     0  startup_stm32f10x_md.o(.text)
    DMA1_Channel7_IRQHandler                 0x0800011b   Thumb Code     0  startup_stm32f10x_md.o(.text)
    EXTI0_IRQHandler                         0x0800011b   Thumb Code     0  startup_stm32f10x_md.o(.text)
    EXTI15_10_IRQHandler                     0x0800011b   Thumb Code     0  startup_stm32f10x_md.o(.text)
    EXTI1_IRQHandler                         0x0800011b   Thumb Code     0  startup_stm32f10x_md.o(.text)
    EXTI2_IRQHandler                         0x0800011b   Thumb Code     0  startup_stm32f10x_md.o(.text)
    EXTI3_IRQHandler                         0x0800011b   Thumb Code     0  startup_stm32f10x_md.o(.text)
    EXTI4_IRQHandler                         0x0800011b   Thumb Code     0  startup_stm32f10x_md.o(.text)
    EXTI9_5_IRQHandler                       0x0800011b   Thumb Code     0  startup_stm32f10x_md.o(.text)
    FLASH_IRQHandler                         0x0800011b   Thumb Code     0  startup_stm32f10x_md.o(.text)
    I2C1_ER_IRQHandler                       0x0800011b   Thumb Code     0  startup_stm32f10x_md.o(.text)
    I2C1_EV_IRQHandler                       0x0800011b   Thumb Code     0  startup_stm32f10x_md.o(.text)
    I2C2_ER_IRQHandler                       0x0800011b   Thumb Code     0  startup_stm32f10x_md.o(.text)
    I2C2_EV_IRQHandler                       0x0800011b   Thumb Code     0  startup_stm32f10x_md.o(.text)
    PVD_IRQHandler                           0x0800011b   Thumb Code     0  startup_stm32f10x_md.o(.text)
    RCC_IRQHandler                           0x0800011b   Thumb Code     0  startup_stm32f10x_md.o(.text)
    RTCAlarm_IRQHandler                      0x0800011b   Thumb Code     0  startup_stm32f10x_md.o(.text)
    RTC_IRQHandler                           0x0800011b   Thumb Code     0  startup_stm32f10x_md.o(.text)
    SPI1_IRQHandler                          0x0800011b   Thumb Code     0  startup_stm32f10x_md.o(.text)
    SPI2_IRQHandler                          0x0800011b   Thumb Code     0  startup_stm32f10x_md.o(.text)
    TAMPER_IRQHandler                        0x0800011b   Thumb Code     0  startup_stm32f10x_md.o(.text)
    TIM1_BRK_IRQHandler                      0x0800011b   Thumb Code     0  startup_stm32f10x_md.o(.text)
    TIM1_CC_IRQHandler                       0x0800011b   Thumb Code     0  startup_stm32f10x_md.o(.text)
    TIM1_TRG_COM_IRQHandler                  0x0800011b   Thumb Code     0  startup_stm32f10x_md.o(.text)
    TIM1_UP_IRQHandler                       0x0800011b   Thumb Code     0  startup_stm32f10x_md.o(.text)
    TIM2_IRQHandler                          0x0800011b   Thumb Code     0  startup_stm32f10x_md.o(.text)
    TIM3_IRQHandler                          0x0800011b   Thumb Code     0  startup_stm32f10x_md.o(.text)
    TIM4_IRQHandler                          0x0800011b   Thumb Code     0  startup_stm32f10x_md.o(.text)
    USART1_IRQHandler                        0x0800011b   Thumb Code     0  startup_stm32f10x_md.o(.text)
    USBWakeUp_IRQHandler                     0x0800011b   Thumb Code     0  startup_stm32f10x_md.o(.text)
    USB_HP_CAN1_TX_IRQHandler                0x0800011b   Thumb Code     0  startup_stm32f10x_md.o(.text)
    USB_LP_CAN1_RX0_IRQHandler               0x0800011b   Thumb Code     0  startup_stm32f10x_md.o(.text)
    WWDG_IRQHandler                          0x0800011b   Thumb Code     0  startup_stm32f10x_md.o(.text)
    strcat                                   0x08000125   Thumb Code    24  strcat.o(.text)
    strcpy                                   0x0800013d   Thumb Code    18  strcpy.o(.text)
    __scatterload                            0x08000151   Thumb Code    28  init.o(.text)
    __scatterload_rt2                        0x08000151   Thumb Code     0  init.o(.text)
    BusFault_Handler                         0x08000175   Thumb Code     4  stm32f10x_it.o(i.BusFault_Handler)
    DebugMon_Handler                         0x08000179   Thumb Code     2  stm32f10x_it.o(i.DebugMon_Handler)
    GPIO_Init                                0x0800017b   Thumb Code   278  stm32f10x_gpio.o(i.GPIO_Init)
    GPIO_ReadInputDataBit                    0x08000291   Thumb Code    18  stm32f10x_gpio.o(i.GPIO_ReadInputDataBit)
    GPIO_ResetBits                           0x080002a3   Thumb Code     4  stm32f10x_gpio.o(i.GPIO_ResetBits)
    GPIO_SetBits                             0x080002a7   Thumb Code     4  stm32f10x_gpio.o(i.GPIO_SetBits)
    HardFault_Handler                        0x080002ab   Thumb Code     4  stm32f10x_it.o(i.HardFault_Handler)
    I2C_CheckEvent                           0x080002af   Thumb Code    42  stm32f10x_i2c.o(i.I2C_CheckEvent)
    I2C_Cmd                                  0x080002d9   Thumb Code    24  stm32f10x_i2c.o(i.I2C_Cmd)
    I2C_GenerateSTART                        0x080002f1   Thumb Code    24  stm32f10x_i2c.o(i.I2C_GenerateSTART)
    I2C_GenerateSTOP                         0x08000309   Thumb Code    24  stm32f10x_i2c.o(i.I2C_GenerateSTOP)
    I2C_Init                                 0x08000321   Thumb Code   222  stm32f10x_i2c.o(i.I2C_Init)
    I2C_Send7bitAddress                      0x0800040d   Thumb Code    18  stm32f10x_i2c.o(i.I2C_Send7bitAddress)
    I2C_SendData                             0x0800041f   Thumb Code     4  stm32f10x_i2c.o(i.I2C_SendData)
    MemManage_Handler                        0x08000423   Thumb Code     4  stm32f10x_it.o(i.MemManage_Handler)
    NMI_Handler                              0x08000427   Thumb Code     2  stm32f10x_it.o(i.NMI_Handler)
    NVIC_Init                                0x08000429   Thumb Code   100  misc.o(i.NVIC_Init)
    PendSV_Handler                           0x08000499   Thumb Code     2  stm32f10x_it.o(i.PendSV_Handler)
    RCC_APB1PeriphClockCmd                   0x0800049d   Thumb Code    26  stm32f10x_rcc.o(i.RCC_APB1PeriphClockCmd)
    RCC_APB2PeriphClockCmd                   0x080004bd   Thumb Code    26  stm32f10x_rcc.o(i.RCC_APB2PeriphClockCmd)
    RCC_GetClocksFreq                        0x080004dd   Thumb Code   192  stm32f10x_rcc.o(i.RCC_GetClocksFreq)
    SVC_Handler                              0x080005b1   Thumb Code     2  stm32f10x_it.o(i.SVC_Handler)
    SysTick_Handler                          0x0800069d   Thumb Code    12  stm32f10x_it.o(i.SysTick_Handler)
    SystemInit                               0x080006ad   Thumb Code    78  system_stm32f10x.o(i.SystemInit)
    USART2_IRQHandler                        0x0800070d   Thumb Code   210  stm32f10x_it.o(i.USART2_IRQHandler)
    USART3_IRQHandler                        0x080007fd   Thumb Code    60  stm32f10x_it.o(i.USART3_IRQHandler)
    USART_ClearFlag                          0x08000845   Thumb Code    18  stm32f10x_usart.o(i.USART_ClearFlag)
    USART_Cmd                                0x08000857   Thumb Code    24  stm32f10x_usart.o(i.USART_Cmd)
    USART_GetFlagStatus                      0x0800086f   Thumb Code    26  stm32f10x_usart.o(i.USART_GetFlagStatus)
    USART_GetITStatus                        0x08000889   Thumb Code    84  stm32f10x_usart.o(i.USART_GetITStatus)
    USART_ITConfig                           0x080008dd   Thumb Code    74  stm32f10x_usart.o(i.USART_ITConfig)
    USART_Init                               0x08000929   Thumb Code   210  stm32f10x_usart.o(i.USART_Init)
    USART_ReceiveData                        0x08000a01   Thumb Code    10  stm32f10x_usart.o(i.USART_ReceiveData)
    USART_SendData                           0x08000a0b   Thumb Code     8  stm32f10x_usart.o(i.USART_SendData)
    UsageFault_Handler                       0x08000a13   Thumb Code     4  stm32f10x_it.o(i.UsageFault_Handler)
    __scatterload_copy                       0x08000a17   Thumb Code    14  handlers.o(i.__scatterload_copy)
    __scatterload_null                       0x08000a25   Thumb Code     2  handlers.o(i.__scatterload_null)
    __scatterload_zeroinit                   0x08000a27   Thumb Code    14  handlers.o(i.__scatterload_zeroinit)
    dev_keypad_get_key                       0x08000a35   Thumb Code    20  dev_keypad.o(i.dev_keypad_get_key)
    dev_keypad_init                          0x08000a49   Thumb Code    64  dev_keypad.o(i.dev_keypad_init)
    dev_keypad_respond                       0x08000a95   Thumb Code   690  dev_keypad.o(i.dev_keypad_respond)
    dev_lcd_clear                            0x08000d51   Thumb Code    16  dev_lcd_i2c.o(i.dev_lcd_clear)
    dev_lcd_goto_xy                          0x08000d61   Thumb Code    36  dev_lcd_i2c.o(i.dev_lcd_goto_xy)
    dev_lcd_i2c_config                       0x08000d85   Thumb Code    82  dev_lcd_i2c.o(i.dev_lcd_i2c_config)
    dev_lcd_init                             0x08000ded   Thumb Code    90  dev_lcd_i2c.o(i.dev_lcd_init)
    dev_lcd_off_backlight                    0x08000e47   Thumb Code    64  dev_lcd_i2c.o(i.dev_lcd_off_backlight)
    dev_lcd_on_backlight                     0x08000e87   Thumb Code    72  dev_lcd_i2c.o(i.dev_lcd_on_backlight)
    dev_lcd_send_byte                        0x08000ed1   Thumb Code    84  dev_lcd_i2c.o(i.dev_lcd_send_byte)
    dev_lcd_send_char                        0x08000f31   Thumb Code    12  dev_lcd_i2c.o(i.dev_lcd_send_char)
    dev_lcd_send_cmd                         0x08000f3d   Thumb Code    70  dev_lcd_i2c.o(i.dev_lcd_send_cmd)
    dev_lcd_send_data                        0x08000f83   Thumb Code    70  dev_lcd_i2c.o(i.dev_lcd_send_data)
    dev_lcd_send_string                      0x08000fc9   Thumb Code    22  dev_lcd_i2c.o(i.dev_lcd_send_string)
    dev_systick_delay                        0x08000fe1   Thumb Code    16  main.o(i.dev_systick_delay)
    dev_usart_send_char                      0x08000ff5   Thumb Code    30  dev_usart.o(i.dev_usart_send_char)
    dev_usart_send_string                    0x08001013   Thumb Code    26  dev_usart.o(i.dev_usart_send_string)
    dev_usart_usart2_init                    0x0800102d   Thumb Code   136  dev_usart.o(i.dev_usart_usart2_init)
    dev_uti_blink                            0x080010c9   Thumb Code   102  dev_utilities.o(i.dev_uti_blink)
    dev_uti_format_send_data                 0x08001135   Thumb Code    48  dev_utilities.o(i.dev_uti_format_send_data)
    dev_uti_make_confirmation                0x08001169   Thumb Code    36  dev_utilities.o(i.dev_uti_make_confirmation)
    dev_uti_show_electric_water              0x080011ad   Thumb Code    44  dev_utilities.o(i.dev_uti_show_electric_water)
    dev_uti_string_clear                     0x080011ed   Thumb Code    18  dev_utilities.o(i.dev_uti_string_clear)
    main                                     0x08001201   Thumb Code   472  main.o(i.main)
    Region$$Table$$Base                      0x08001420   Number         0  anon$$obj.o(Region$$Table)
    Region$$Table$$Limit                     0x08001440   Number         0  anon$$obj.o(Region$$Table)
    GPIO_InitStructure                       0x20000014   Data           4  main.o(.data)
    systick_timer_counter                    0x20000018   Data           4  main.o(.data)
    usart_received_string_i                  0x2000001c   Data           1  main.o(.data)
    stop                                     0x2000001d   Data           1  main.o(.data)
    key                                      0x2000001e   Data           1  main.o(.data)
    is_backlight_on                          0x2000001f   Data           1  main.o(.data)
    i_temp                                   0x20000020   Data           1  main.o(.data)
    mode                                     0x20000021   Data           1  main.o(.data)
    flagO                                    0x20000022   Data           1  stm32f10x_it.o(.data)
    flagK                                    0x20000023   Data           1  stm32f10x_it.o(.data)
    flagR                                    0x20000024   Data           1  stm32f10x_it.o(.data)
    SystemCoreClock                          0x20000028   Data           4  system_stm32f10x.o(.data)
    AHBPrescTable                            0x2000002c   Data          16  system_stm32f10x.o(.data)
    NVIC_InitStructure                       0x2000003c   Data           4  dev_usart.o(.data)
    usart_received_string                    0x20000040   Data         100  main.o(.bss)
    elec                                     0x200000a4   Data         100  main.o(.bss)
    water                                    0x20000108   Data         100  main.o(.bss)
    temp                                     0x2000016c   Data         100  main.o(.bss)
    I2C_InitStructure                        0x200001d0   Data          16  dev_lcd_i2c.o(.bss)
    USART_InitStructure                      0x200001e0   Data          16  dev_usart.o(.bss)
    __initial_sp                             0x200005f0   Data           0  startup_stm32f10x_md.o(STACK)



==============================================================================

Memory Map of the image

  Image Entry point : 0x080000ed

  Load Region LR_IROM1 (Base: 0x08000000, Size: 0x00001480, Max: 0x00010000, ABSOLUTE)

    Execution Region ER_IROM1 (Exec base: 0x08000000, Load base: 0x08000000, Size: 0x00001440, Max: 0x00010000, ABSOLUTE)

    Exec Addr    Load Addr    Size         Type   Attr      Idx    E Section Name        Object

    0x08000000   0x08000000   0x000000ec   Data   RO          632    RESET               startup_stm32f10x_md.o
    0x080000ec   0x080000ec   0x00000000   Code   RO         1173  * .ARM.Collect$$$$00000000  mc_w.l(entry.o)
    0x080000ec   0x080000ec   0x00000004   Code   RO         1180    .ARM.Collect$$$$00000001  mc_w.l(entry2.o)
    0x080000f0   0x080000f0   0x00000004   Code   RO         1183    .ARM.Collect$$$$00000004  mc_w.l(entry5.o)
    0x080000f4   0x080000f4   0x00000000   Code   RO         1185    .ARM.Collect$$$$00000008  mc_w.l(entry7b.o)
    0x080000f4   0x080000f4   0x00000000   Code   RO         1187    .ARM.Collect$$$$0000000A  mc_w.l(entry8b.o)
    0x080000f4   0x080000f4   0x00000008   Code   RO         1188    .ARM.Collect$$$$0000000B  mc_w.l(entry9a.o)
    0x080000fc   0x080000fc   0x00000000   Code   RO         1190    .ARM.Collect$$$$0000000D  mc_w.l(entry10a.o)
    0x080000fc   0x080000fc   0x00000000   Code   RO         1192    .ARM.Collect$$$$0000000F  mc_w.l(entry11a.o)
    0x080000fc   0x080000fc   0x00000004   Code   RO         1181    .ARM.Collect$$$$00002712  mc_w.l(entry2.o)
    0x08000100   0x08000100   0x00000024   Code   RO          633    .text               startup_stm32f10x_md.o
    0x08000124   0x08000124   0x00000018   Code   RO         1176    .text               mc_w.l(strcat.o)
    0x0800013c   0x0800013c   0x00000012   Code   RO         1178    .text               mc_w.l(strcpy.o)
    0x0800014e   0x0800014e   0x00000002   PAD
    0x08000150   0x08000150   0x00000024   Code   RO         1194    .text               mc_w.l(init.o)
    0x08000174   0x08000174   0x00000004   Code   RO          882    i.BusFault_Handler  stm32f10x_it.o
    0x08000178   0x08000178   0x00000002   Code   RO          883    i.DebugMon_Handler  stm32f10x_it.o
    0x0800017a   0x0800017a   0x00000116   Code   RO          131    i.GPIO_Init         stm32f10x_gpio.o
    0x08000290   0x08000290   0x00000012   Code   RO          135    i.GPIO_ReadInputDataBit  stm32f10x_gpio.o
    0x080002a2   0x080002a2   0x00000004   Code   RO          138    i.GPIO_ResetBits    stm32f10x_gpio.o
    0x080002a6   0x080002a6   0x00000004   Code   RO          139    i.GPIO_SetBits      stm32f10x_gpio.o
    0x080002aa   0x080002aa   0x00000004   Code   RO          884    i.HardFault_Handler  stm32f10x_it.o
    0x080002ae   0x080002ae   0x0000002a   Code   RO          640    i.I2C_CheckEvent    stm32f10x_i2c.o
    0x080002d8   0x080002d8   0x00000018   Code   RO          643    i.I2C_Cmd           stm32f10x_i2c.o
    0x080002f0   0x080002f0   0x00000018   Code   RO          650    i.I2C_GenerateSTART  stm32f10x_i2c.o
    0x08000308   0x08000308   0x00000018   Code   RO          651    i.I2C_GenerateSTOP  stm32f10x_i2c.o
    0x08000320   0x08000320   0x000000ec   Code   RO          657    i.I2C_Init          stm32f10x_i2c.o
    0x0800040c   0x0800040c   0x00000012   Code   RO          664    i.I2C_Send7bitAddress  stm32f10x_i2c.o
    0x0800041e   0x0800041e   0x00000004   Code   RO          665    i.I2C_SendData      stm32f10x_i2c.o
    0x08000422   0x08000422   0x00000004   Code   RO          885    i.MemManage_Handler  stm32f10x_it.o
    0x08000426   0x08000426   0x00000002   Code   RO          886    i.NMI_Handler       stm32f10x_it.o
    0x08000428   0x08000428   0x00000070   Code   RO            1    i.NVIC_Init         misc.o
    0x08000498   0x08000498   0x00000002   Code   RO          887    i.PendSV_Handler    stm32f10x_it.o
    0x0800049a   0x0800049a   0x00000002   PAD
    0x0800049c   0x0800049c   0x00000020   Code   RO          241    i.RCC_APB1PeriphClockCmd  stm32f10x_rcc.o
    0x080004bc   0x080004bc   0x00000020   Code   RO          243    i.RCC_APB2PeriphClockCmd  stm32f10x_rcc.o
    0x080004dc   0x080004dc   0x000000d4   Code   RO          251    i.RCC_GetClocksFreq  stm32f10x_rcc.o
    0x080005b0   0x080005b0   0x00000002   Code   RO          888    i.SVC_Handler       stm32f10x_it.o
    0x080005b2   0x080005b2   0x00000008   Code   RO          961    i.SetSysClock       system_stm32f10x.o
    0x080005ba   0x080005ba   0x00000002   PAD
    0x080005bc   0x080005bc   0x000000e0   Code   RO          962    i.SetSysClockTo72   system_stm32f10x.o
    0x0800069c   0x0800069c   0x00000010   Code   RO          889    i.SysTick_Handler   stm32f10x_it.o
    0x080006ac   0x080006ac   0x00000060   Code   RO          964    i.SystemInit        system_stm32f10x.o
    0x0800070c   0x0800070c   0x000000f0   Code   RO          890    i.USART2_IRQHandler  stm32f10x_it.o
    0x080007fc   0x080007fc   0x00000048   Code   RO          891    i.USART3_IRQHandler  stm32f10x_it.o
    0x08000844   0x08000844   0x00000012   Code   RO          439    i.USART_ClearFlag   stm32f10x_usart.o
    0x08000856   0x08000856   0x00000018   Code   RO          443    i.USART_Cmd         stm32f10x_usart.o
    0x0800086e   0x0800086e   0x0000001a   Code   RO          446    i.USART_GetFlagStatus  stm32f10x_usart.o
    0x08000888   0x08000888   0x00000054   Code   RO          447    i.USART_GetITStatus  stm32f10x_usart.o
    0x080008dc   0x080008dc   0x0000004a   Code   RO          449    i.USART_ITConfig    stm32f10x_usart.o
    0x08000926   0x08000926   0x00000002   PAD
    0x08000928   0x08000928   0x000000d8   Code   RO          450    i.USART_Init        stm32f10x_usart.o
    0x08000a00   0x08000a00   0x0000000a   Code   RO          457    i.USART_ReceiveData  stm32f10x_usart.o
    0x08000a0a   0x08000a0a   0x00000008   Code   RO          460    i.USART_SendData    stm32f10x_usart.o
    0x08000a12   0x08000a12   0x00000004   Code   RO          892    i.UsageFault_Handler  stm32f10x_it.o
    0x08000a16   0x08000a16   0x0000000e   Code   RO         1198    i.__scatterload_copy  mc_w.l(handlers.o)
    0x08000a24   0x08000a24   0x00000002   Code   RO         1199    i.__scatterload_null  mc_w.l(handlers.o)
    0x08000a26   0x08000a26   0x0000000e   Code   RO         1200    i.__scatterload_zeroinit  mc_w.l(handlers.o)
    0x08000a34   0x08000a34   0x00000014   Code   RO          995    i.dev_keypad_get_key  dev_keypad.o
    0x08000a48   0x08000a48   0x0000004c   Code   RO          996    i.dev_keypad_init   dev_keypad.o
    0x08000a94   0x08000a94   0x000002bc   Code   RO          997    i.dev_keypad_respond  dev_keypad.o
    0x08000d50   0x08000d50   0x00000010   Code   RO         1020    i.dev_lcd_clear     dev_lcd_i2c.o
    0x08000d60   0x08000d60   0x00000024   Code   RO         1021    i.dev_lcd_goto_xy   dev_lcd_i2c.o
    0x08000d84   0x08000d84   0x00000068   Code   RO         1022    i.dev_lcd_i2c_config  dev_lcd_i2c.o
    0x08000dec   0x08000dec   0x0000005a   Code   RO         1023    i.dev_lcd_init      dev_lcd_i2c.o
    0x08000e46   0x08000e46   0x00000040   Code   RO         1024    i.dev_lcd_off_backlight  dev_lcd_i2c.o
    0x08000e86   0x08000e86   0x00000048   Code   RO         1025    i.dev_lcd_on_backlight  dev_lcd_i2c.o
    0x08000ece   0x08000ece   0x00000002   PAD
    0x08000ed0   0x08000ed0   0x00000060   Code   RO         1026    i.dev_lcd_send_byte  dev_lcd_i2c.o
    0x08000f30   0x08000f30   0x0000000c   Code   RO         1027    i.dev_lcd_send_char  dev_lcd_i2c.o
    0x08000f3c   0x08000f3c   0x00000046   Code   RO         1028    i.dev_lcd_send_cmd  dev_lcd_i2c.o
    0x08000f82   0x08000f82   0x00000046   Code   RO         1029    i.dev_lcd_send_data  dev_lcd_i2c.o
    0x08000fc8   0x08000fc8   0x00000016   Code   RO         1030    i.dev_lcd_send_string  dev_lcd_i2c.o
    0x08000fde   0x08000fde   0x00000002   PAD
    0x08000fe0   0x08000fe0   0x00000014   Code   RO          841    i.dev_systick_delay  main.o
    0x08000ff4   0x08000ff4   0x0000001e   Code   RO         1097    i.dev_usart_send_char  dev_usart.o
    0x08001012   0x08001012   0x0000001a   Code   RO         1098    i.dev_usart_send_string  dev_usart.o
    0x0800102c   0x0800102c   0x0000009c   Code   RO         1099    i.dev_usart_usart2_init  dev_usart.o
    0x080010c8   0x080010c8   0x0000006c   Code   RO         1137    i.dev_uti_blink     dev_utilities.o
    0x08001134   0x08001134   0x00000034   Code   RO         1138    i.dev_uti_format_send_data  dev_utilities.o
    0x08001168   0x08001168   0x00000044   Code   RO         1139    i.dev_uti_make_confirmation  dev_utilities.o
    0x080011ac   0x080011ac   0x00000040   Code   RO         1140    i.dev_uti_show_electric_water  dev_utilities.o
    0x080011ec   0x080011ec   0x00000012   Code   RO         1141    i.dev_uti_string_clear  dev_utilities.o
    0x080011fe   0x080011fe   0x00000002   PAD
    0x08001200   0x08001200   0x00000220   Code   RO          842    i.main              main.o
    0x08001420   0x08001420   0x00000020   Data   RO         1196    Region$$Table       anon$$obj.o


    Execution Region RW_IRAM1 (Exec base: 0x20000000, Load base: 0x08001440, Size: 0x000005f0, Max: 0x00005000, ABSOLUTE)

    Exec Addr    Load Addr    Size         Type   Attr      Idx    E Section Name        Object

    0x20000000   0x08001440   0x00000014   Data   RW          271    .data               stm32f10x_rcc.o
    0x20000014   0x08001454   0x0000000e   Data   RW          844    .data               main.o
    0x20000022   0x08001462   0x00000003   Data   RW          893    .data               stm32f10x_it.o
    0x20000025   0x08001465   0x00000003   PAD
    0x20000028   0x08001468   0x00000014   Data   RW          965    .data               system_stm32f10x.o
    0x2000003c   0x0800147c   0x00000004   Data   RW         1102    .data               dev_usart.o
    0x20000040        -       0x00000190   Zero   RW          843    .bss                main.o
    0x200001d0        -       0x00000010   Zero   RW         1031    .bss                dev_lcd_i2c.o
    0x200001e0        -       0x00000010   Zero   RW         1101    .bss                dev_usart.o
    0x200001f0        -       0x00000400   Zero   RW          630    STACK               startup_stm32f10x_md.o


==============================================================================

Image component sizes


      Code (inc. data)   RO Data    RW Data    ZI Data      Debug   Object Name

         0          0          0          0          0         32   core_cm3.o
       796         22          0          0          0       2024   dev_keypad.o
       652         34          0          0         16       6530   dev_lcd_i2c.o
       212         20          0          4         16       2476   dev_usart.o
       310         62          0          0          0       2748   dev_utilities.o
       564         76          0         14        400      17796   main.o
       112         12          0          0          0     240692   misc.o
        36          8        236          0       1024        908   startup_stm32f10x_md.o
       304          0          0          0          0       3884   stm32f10x_gpio.o
       372         14          0          0          0       6254   stm32f10x_i2c.o
       352         46          0          3          0       5330   stm32f10x_it.o
       276         32          0         20          0       4646   stm32f10x_rcc.o
       460          6          0          0          0       7123   stm32f10x_usart.o
       328         28          0         20          0       2205   system_stm32f10x.o

    ----------------------------------------------------------------------
      4786        360        268         64       1456     302648   Object Totals
         0          0         32          0          0          0   (incl. Generated)
        12          0          0          3          0          0   (incl. Padding)

    ----------------------------------------------------------------------

      Code (inc. data)   RO Data    RW Data    ZI Data      Debug   Library Member Name

         0          0          0          0          0          0   entry.o
         0          0          0          0          0          0   entry10a.o
         0          0          0          0          0          0   entry11a.o
         8          4          0          0          0          0   entry2.o
         4          0          0          0          0          0   entry5.o
         0          0          0          0          0          0   entry7b.o
         0          0          0          0          0          0   entry8b.o
         8          4          0          0          0          0   entry9a.o
        30          0          0          0          0          0   handlers.o
        36          8          0          0          0         68   init.o
        24          0          0          0          0         68   strcat.o
        18          0          0          0          0         68   strcpy.o

    ----------------------------------------------------------------------
       130         16          0          0          0        204   Library Totals
         2          0          0          0          0          0   (incl. Padding)

    ----------------------------------------------------------------------

      Code (inc. data)   RO Data    RW Data    ZI Data      Debug   Library Name

       128         16          0          0          0        204   mc_w.l

    ----------------------------------------------------------------------
       130         16          0          0          0        204   Library Totals

    ----------------------------------------------------------------------

==============================================================================


      Code (inc. data)   RO Data    RW Data    ZI Data      Debug   

      4916        376        268         64       1456     299988   Grand Totals
      4916        376        268         64       1456     299988   ELF Image Totals
      4916        376        268         64          0          0   ROM Totals

==============================================================================

    Total RO  Size (Code + RO Data)                 5184 (   5.06kB)
    Total RW  Size (RW Data + ZI Data)              1520 (   1.48kB)
    Total ROM Size (Code + RO Data + RW Data)       5248 (   5.13kB)

==============================================================================

